// Vitest Snapshot v1, https://vitest.dev/guide/snapshot.html

exports[`ProductItem component > should render to match snapshot 1`] = `
<div>
  <article
    class="_productItem_b7926d"
  >
    <img
      alt="Lilo & Stitch's backdrop"
      class="_backdrop_b7926d"
    />
    <div
      class="_info_b7926d"
    >
      <div
        class="_header_b7926d"
      >
        <a
          class="_title_b7926d"
          data-discover="true"
          href="/movie/1"
          role="heading"
        >
          Lilo & Stitch
        </a>
        <div
          class="_movieMeta_b7926d"
        >
          <p
            class="_tag_b7926d"
          >
            PG
          </p>
           |
          <p
            class="_year_b7926d"
          >
            2025
          </p>
           |
           
          <p
            class="_rating_b7926d"
          >
            <svg
              aria-hidden="true"
              class="svg-inline--fa fa-star "
              data-icon="star"
              data-prefix="fas"
              focusable="false"
              role="img"
              viewBox="0 0 576 512"
              xmlns="http://www.w3.org/2000/svg"
            >
              <path
                d="M316.9 18C311.6 7 300.4 0 288.1 0s-23.4 7-28.8 18L195 150.3 51.4 171.5c-12 1.8-22 10.2-25.7 21.7s-.7 24.2 7.9 32.7L137.8 329 113.2 474.7c-2 12 3 24.2 12.9 31.3s23 8 33.8 2.3l128.3-68.5 128.3 68.5c10.8 5.7 23.9 4.9 33.8-2.3s14.9-19.3 12.9-31.3L438.5 329 542.7 225.9c8.6-8.5 11.7-21.2 7.9-32.7s-13.7-19.9-25.7-21.7L381.2 150.3 316.9 18z"
                fill="currentColor"
              />
            </svg>
             
            <span>
              7.1
            </span>
          </p>
        </div>
      </div>
      <div
        class="_buttonGroup_b7926d"
      >
        <button
          class="
        _button_ee73f7 
         
        _square_ee73f7
        
      "
        >
          <svg
            aria-hidden="true"
            class="svg-inline--fa fa-trash "
            data-icon="trash"
            data-prefix="fas"
            focusable="false"
            role="img"
            viewBox="0 0 448 512"
            xmlns="http://www.w3.org/2000/svg"
          >
            <path
              d="M135.2 17.7L128 32 32 32C14.3 32 0 46.3 0 64S14.3 96 32 96l384 0c17.7 0 32-14.3 32-32s-14.3-32-32-32l-96 0-7.2-14.3C307.4 6.8 296.3 0 284.2 0L163.8 0c-12.1 0-23.2 6.8-28.6 17.7zM416 128L32 128 53.2 467c1.6 25.3 22.6 45 47.9 45l245.8 0c25.3 0 46.3-19.7 47.9-45L416 128z"
              fill="currentColor"
            />
          </svg>
        </button>
      </div>
      <p
        class="_rent_b7926d"
      >
        $
        4.99
      </p>
    </div>
  </article>
</div>
`;
