// Vitest Snapshot v1, https://vitest.dev/guide/snapshot.html

exports[`TrailerPreview component > should render to match snapshot 1`] = `
<div>
  <a
    class="_trailerPreview_7373d7"
    data-discover="true"
    href="/trailers/1"
    style="background-image: url("https://image.tmdb.org/t/p/original/q8eejQcg1bAqImEV8jh8RtBD4uH.jpg");"
  >
    <h3
      class="_title_7373d7"
    >
      League of Legends: Arcane
    </h3>
    <div
      class="_info_7373d7"
    >
      <p
        aria-label="Duration"
        class="_duration_7373d7"
      >
        2:45
      </p>
      <p
        aria-label="Rating"
        class="_rating_7373d7"
      >
        <svg
          aria-hidden="true"
          class="svg-inline--fa fa-star "
          data-icon="star"
          data-prefix="fas"
          data-testid="star-icon"
          focusable="false"
          role="img"
          viewBox="0 0 576 512"
          xmlns="http://www.w3.org/2000/svg"
        >
          <path
            d="M316.9 18C311.6 7 300.4 0 288.1 0s-23.4 7-28.8 18L195 150.3 51.4 171.5c-12 1.8-22 10.2-25.7 21.7s-.7 24.2 7.9 32.7L137.8 329 113.2 474.7c-2 12 3 24.2 12.9 31.3s23 8 33.8 2.3l128.3-68.5 128.3 68.5c10.8 5.7 23.9 4.9 33.8-2.3s14.9-19.3 12.9-31.3L438.5 329 542.7 225.9c8.6-8.5 11.7-21.2 7.9-32.7s-13.7-19.9-25.7-21.7L381.2 150.3 316.9 18z"
            fill="currentColor"
          />
        </svg>
         
        9
      </p>
    </div>
    <div
      class="_playBtn_7373d7"
    >
      <svg
        aria-hidden="true"
        class="svg-inline--fa fa-play _icon_7373d7"
        data-icon="play"
        data-prefix="fas"
        data-testid="play-icon"
        focusable="false"
        role="img"
        viewBox="0 0 384 512"
        xmlns="http://www.w3.org/2000/svg"
      >
        <path
          d="M73 39c-14.8-9.1-33.4-9.4-48.5-.9S0 62.6 0 80L0 432c0 17.4 9.4 33.4 24.5 41.9s33.7 8.1 48.5-.9L361 297c14.3-8.7 23-24.2 23-41s-8.7-32.2-23-41L73 39z"
          fill="currentColor"
        />
      </svg>
    </div>
  </a>
</div>
`;
