// Vitest Snapshot v1, https://vitest.dev/guide/snapshot.html

exports[`Showcase component > should render to match snapshot 1`] = `
<div>
  <div
    class="_showcaseContainer_43ad9d"
  >
    <div
      aria-busy="true"
      aria-live="polite"
      class="_loader_0c7d59"
      role="status"
    >
      <div
        class="_loadingCircle_0c7d59"
      >
        <svg
          aria-hidden="true"
          class="svg-inline--fa fa-video _icon_0c7d59"
          data-icon="video"
          data-prefix="fas"
          focusable="false"
          role="img"
          viewBox="0 0 576 512"
          xmlns="http://www.w3.org/2000/svg"
        >
          <path
            d="M0 128C0 92.7 28.7 64 64 64l256 0c35.3 0 64 28.7 64 64l0 256c0 35.3-28.7 64-64 64L64 448c-35.3 0-64-28.7-64-64L0 128zM559.1 99.8c10.4 5.6 16.9 16.4 16.9 28.2l0 256c0 11.8-6.5 22.6-16.9 28.2s-23 5-32.9-1.6l-96-64L416 337.1l0-17.1 0-128 0-17.1 14.2-9.5 96-64c9.8-6.5 22.4-7.2 32.9-1.6z"
            fill="currentColor"
          />
        </svg>
      </div>
      <p
        class="_message_0c7d59"
      >
        Just a moment
      </p>
    </div>
  </div>
</div>
`;
